exports[`TouchableHighlight renders correctly 1`] = `
<View
  accessibilityComponentType={undefined}
  accessibilityLabel={undefined}
  accessibilityTraits={undefined}
  accessible={true}
  hasTVPreferredFocus={undefined}
  hitSlop={undefined}
  onLayout={undefined}
  onResponderGrant={[Function]}
  onResponderMove={[Function]}
  onResponderRelease={[Function]}
  onResponderTerminate={[Function]}
  onResponderTerminationRequest={[Function]}
  onStartShouldSetResponder={[Function]}
  onTVBlur={[Function]}
  onTVFocus={[Function]}
  onTVSelect={undefined}
  style={
    Array [
      Object {
        "backgroundColor": "transparent",
      },
      Object {},
    ]
  }
  testID={undefined}
  tvParallaxDisable={false}
  tvParallaxMagnification={1}
  tvParallaxShiftDistanceX={2}
  tvParallaxShiftDistanceY={2}
  tvParallaxTiltAngle={0.05}>
  <Text
    accessible={true}
    allowFontScaling={true}
    ellipsizeMode="tail">
    Touchable
  </Text>
</View>
`;
